/home/bkoz/src/alpha60-data/torrent/spider-noir-01/Spider-Noir S01E04 A Mistake Ill Never Make Again 1080p AMZN WEB-DL DDP5 1 Atmos H 264-playWEB [IPT].torrent
/home/bkoz/src/alpha60-data/torrent/spider-noir-01/Spider-Noir [HDTV 720p][Cap.106].torrent
/home/bkoz/src/alpha60-data/torrent/spider-noir-01/Spider-Noir.Colored.version.S1E6.1080p.Spanish.Spain.mp4.torrent
/home/bkoz/src/alpha60-data/torrent/spider-noir-01/Spider-Noir.S01.MULTi.2160p.AMZN.WEB-DL.DDP5.1.Atmos.DV.HDR.H.265-BLOOM.torrent
/home/bkoz/src/alpha60-data/torrent/spider-noir-01/Spider-Noir.S01E08.The.Man.in.the.Mask.1080p.AMZN.WEB-DL.DDP5.1.Atmos.H.264-BLOOM.mkv.torrent
/home/bkoz/src/alpha60-data/torrent/spider-noir-01/Spider.Noir.B.a.W.S01E01.1080p.ColdFilm.mkv.torrent
/home/bkoz/src/alpha60-data/torrent/spider-noir-01/Spider.Noir.S01.400p.Ru.Ultradox.torrent
/home/bkoz/src/alpha60-data/torrent/spider-noir-01/Spider.Noir.s01.HD1080p.WEBRip.Rus.RuDub.tv.torrent
/home/bkoz/src/alpha60-data/torrent/spider-noir-01/Spider.Noir.s01.WEBRip.XviD.Rus.RuDub.tv.torrent
/home/bkoz/src/alpha60-data/torrent/spider-noir-01/www.1TamilBlasters.garden - Spider Noir (2026) S01EP(01-08) [1080p HQ HDRip - x264 - [Tam + Mal + Tel + Kan + Hin + Eng] - DDP 5.1 (224Kbps) -  7GB - ESub].torrent
/home/bkoz/src/alpha60-data/torrent/spider-noir-01/www.UIndex.org    -    Spider-Noir S01E05 1080p AMZN WEB-DL DDP5 1 Atmos H 264 DUAL-BiOMA.torrent
/home/bkoz/src/alpha60-data/torrent/spider-noir-01/www.UIndex.org    -    Spider-Noir S01E06 Nightmare on a Gurney 720p AMZN WEB-DL DDP5 1 Atmos H 264-playWEB.torrent
/home/bkoz/src/alpha60-data/torrent/spider-noir-01/Spider-Noir ([HDTV][Cap.108].torrent
/home/bkoz/src/alpha60-data/torrent/spider-noir-01/Spider-Noir [HDTV 1080p][Cap103].torrent
/home/bkoz/src/alpha60-data/torrent/spider-noir-01/Spider-Noir.Black.White.version.S1E1.1080p.Spanish.Spain.mp4.torrent
/home/bkoz/src/alpha60-data/torrent/spider-noir-01/Spider-Noir.Black.White.version.S1E5.1080p.Spanish.Spain.mp4.torrent
/home/bkoz/src/alpha60-data/torrent/spider-noir-01/Spider-Noir.Black.White.version.S1E6.1080p.Spanish.Spain.mp4.torrent
/home/bkoz/src/alpha60-data/torrent/spider-noir-01/Spider-Noir.Colored.version.S1E1.1080p.Spanish.Spain.mp4.torrent
/home/bkoz/src/alpha60-data/torrent/spider-noir-01/Spider-Noir.Colored.version.S1E2.1080p.Spanish.Spain.mp4.torrent
/home/bkoz/src/alpha60-data/torrent/spider-noir-01/Spider-Noir.Colored.version.S1E4.1080p.Spanish.Spain.mp4.torrent
/home/bkoz/src/alpha60-data/torrent/spider-noir-01/Spider-Noir.Colored.version.S1E8.1080p.Spanish.Spain.mp4.torrent
/home/bkoz/src/alpha60-data/torrent/spider-noir-01/Spider-Noir.S01E06.Nightmare.on.a.Gurney.1080p.AMZN.WEB-DL.DDP5.1.Atmos.H.264-BLOOM.mkv.torrent
/home/bkoz/src/alpha60-data/torrent/spider-noir-01/www.1TamilBlasters.garden - Spider Noir (2026) S01EP(01-08) [1080p HD AVC UNTOUCHED - x264 - [Tam + Mal + Tel + Kan + Hin + Eng] - DDP 5.1 (640Kbps) -  32GB - ESub].torrent
/home/bkoz/src/alpha60-data/torrent/spider-noir-01/www.UIndex.org    -    Spider-Noir S01E01 Step Into My Office 2160p AMZN WEB-DL DDP5 1 Atmos DV H 265-FLUX.torrent
/home/bkoz/src/alpha60-data/torrent/spider-noir-01/www.UIndex.org    -    Spider-Noir S01E01 Step Into My Office 2160p AMZN WEB-DL DDP5 1 Atmos H 265-FLUX.torrent
/home/bkoz/src/alpha60-data/torrent/spider-noir-01/www.UIndex.org    -    Spider-Noir S01E02 1080p AMZN WEB-DL DDP5 1 Atmos H 264 DUAL-BiOMA.torrent
/home/bkoz/src/alpha60-data/torrent/spider-noir-01/www.UIndex.org    -    Spider-Noir S01E02 Tread Lightly 1080p AMZN WEB-DL DDP5 1 Atmos H 264-FLUX.torrent
/home/bkoz/src/alpha60-data/torrent/spider-noir-01/www.UIndex.org    -    Spider-Noir S01E02 Tread Lightly 2160p AMZN WEB-DL DD 5 1 Atmos DoVi H 265-playWEB.torrent
/home/bkoz/src/alpha60-data/torrent/spider-noir-01/www.UIndex.org    -    Spider-Noir S01E02 Tread Lightly 2160p AMZN WEB-DL DD 5 1 Atmos HDR H 265-playWEB.torrent
/home/bkoz/src/alpha60-data/torrent/spider-noir-01/www.UIndex.org    -    Spider-Noir S01E02 Tread Lightly 2160p AMZN WEB-DL DDP5 1 Atmos DV H 265-FLUX.torrent
/home/bkoz/src/alpha60-data/torrent/spider-noir-01/www.UIndex.org    -    Spider-Noir S01E02 Tread Lightly BW 1080p AMZN WEB-DL DDP5 1 Atmos H 264-playWEB.torrent
/home/bkoz/src/alpha60-data/torrent/spider-noir-01/www.UIndex.org    -    Spider-Noir S01E03 Double Cross 1080p AMZN WEB-DL DDP5 1 Atmos H 264-playWEB.torrent
/home/bkoz/src/alpha60-data/torrent/spider-noir-01/www.UIndex.org    -    Spider-Noir S01E03 Double Cross 2160p AMZN WEB-DL DD 5 1 Atmos DoVi H 265-playWEB.torrent
/home/bkoz/src/alpha60-data/torrent/spider-noir-01/www.UIndex.org    -    Spider-Noir S01E03 Double Cross 2160p AMZN WEB-DL DDP5 1 Atmos DV H 265-FLUX.torrent
/home/bkoz/src/alpha60-data/torrent/spider-noir-01/www.UIndex.org    -    Spider-Noir S01E03 Double Cross 2160p AMZN WEB-DL DDP5 1 Atmos H 265-playWEB.torrent
/home/bkoz/src/alpha60-data/torrent/spider-noir-01/www.UIndex.org    -    Spider-Noir S01E03 Double Cross 720p AMZN WEB-DL DDP5 1 Atmos H 264-playWEB.torrent
/home/bkoz/src/alpha60-data/torrent/spider-noir-01/www.UIndex.org    -    Spider-Noir S01E04 A Mistake Ill Never Make Again 1080p AMZN WEB-DL DDP5 1 Atmos H 264-playWEB.torrent
/home/bkoz/src/alpha60-data/torrent/spider-noir-01/www.UIndex.org    -    Spider-Noir S01E04 A Mistake Ill Never Make Again 2160p AMZN WEB-DL DD 5 1 Atmos DoVi H 265-playWEB.torrent
/home/bkoz/src/alpha60-data/torrent/spider-noir-01/www.UIndex.org    -    Spider-Noir S01E04 A Mistake Ill Never Make Again 2160p AMZN WEB-DL DDP5 1 Atmos H 265-playWEB.torrent
/home/bkoz/src/alpha60-data/torrent/spider-noir-01/www.UIndex.org    -    Spider-Noir S01E05 Betrayal 1080p AMZN WEB-DL DDP5 1 Atmos H 264-playWEB.torrent
/home/bkoz/src/alpha60-data/torrent/spider-noir-01/www.UIndex.org    -    Spider-Noir S01E05 Betrayal Authentic BW 2160p AMZN WEB-DL DDP5 1 Atmos DV H 265-FLUX.torrent
/home/bkoz/src/alpha60-data/torrent/spider-noir-01/www.UIndex.org    -    Spider-Noir S01E06 1080p AMZN WEB-DL DDP5 1 Atmos H 264 DUAL-BiOMA.torrent
/home/bkoz/src/alpha60-data/torrent/spider-noir-01/www.UIndex.org    -    Spider-Noir S01E06 Nightmare on a Gurney 2160p AMZN WEB-DL DD 5 1 Atmos DoVi H 265-playWEB.torrent
/home/bkoz/src/alpha60-data/torrent/spider-noir-01/www.UIndex.org    -    Spider-Noir S01E06 Nightmare on a Gurney 2160p AMZN WEB-DL DDP5 1 Atmos DV H 265-FLUX.torrent
/home/bkoz/src/alpha60-data/torrent/spider-noir-01/www.UIndex.org    -    Spider-Noir S01E06 Nightmare on a Gurney 2160p AMZN WEB-DL DDP5 1 Atmos H 265-playWEB.torrent
/home/bkoz/src/alpha60-data/torrent/spider-noir-01/www.UIndex.org    -    Spider-Noir S01E07 1080p AMZN WEB-DL DDP5 1 Atmos H 264 DUAL-BiOMA.torrent
/home/bkoz/src/alpha60-data/torrent/spider-noir-01/www.UIndex.org    -    Spider-Noir S01E07 Nobodys Hero 2160p AMZN WEB-DL DD 5 1 Atmos HDR H 265-playWEB.torrent
/home/bkoz/src/alpha60-data/torrent/spider-noir-01/www.UIndex.org    -    Spider-Noir S01E07 Nobodys Hero 2160p AMZN WEB-DL DDP5 1 Atmos DV H 265-FLUX.torrent
/home/bkoz/src/alpha60-data/torrent/spider-noir-01/www.UIndex.org    -    Spider-Noir S01E07 Nobodys Hero 720p AMZN WEB-DL DDP5 1 Atmos H 264-playWEB.torrent
/home/bkoz/src/alpha60-data/torrent/spider-noir-01/www.UIndex.org    -    Spider-Noir S01E08 1080p AMZN WEB-DL DDP5 1 Atmos H 264 DUAL-BiOMA.torrent
/home/bkoz/src/alpha60-data/torrent/spider-noir-01/www.UIndex.org    -    Spider-Noir S01E08 The Man in the Mask 2160p AMZN WEB-DL DDP5 1 Atmos DV H 265-FLUX.torrent
/home/bkoz/src/alpha60-data/torrent/spider-noir-01/www.UIndex.org    -    Spider-Noir S01E08 The Man in the Mask 2160p AMZN WEB-DL DDP5 1 Atmos H 265-FLUX.torrent
/home/bkoz/src/alpha60-data/torrent/spider-noir-01/www.UIndex.org    -    Spider-Noir S01E08 The Man in the Mask 720p AMZN WEB-DL DDP5 1 Atmos H 264-playWEB.torrent
/home/bkoz/src/alpha60-data/torrent/spider-noir-01/www.UIndex.org    -    Spider-Noir S01E08 The Man in the Mask Authentic BW 1080p AMZN WEB-DL DDP5 1 Atmos H 264-FLUX.torrent
/home/bkoz/src/alpha60-data/torrent/spider-noir-01/www.UIndex.org    -    Spider-Noir.S01E01.Step.Into.My.Office.Authentic.BW.1080p.HEVC.x265-MeGusta.torrent
/home/bkoz/src/alpha60-data/torrent/spider-noir-01/www.UIndex.org    -    Spider-Noir.S01E02.Tread.Lightly.1080p.HEVC.x265-MeGusta.torrent
/home/bkoz/src/alpha60-data/torrent/spider-noir-01/www.UIndex.org    -    Spider-Noir.S01E04.A.Mistake.Ill.Never.Make.Again.Authentic.BW.720p.HEVC.x265-MeGusta.torrent
/home/bkoz/src/alpha60-data/torrent/spider-noir-01/www.UIndex.org    -    Spider-Noir.S01E07.Nobodys.Hero.720p.HEVC.x265-MeGusta.torrent
/home/bkoz/src/alpha60-data/torrent/spider-noir-01/Spider Noir 2026 S01 Complete 1080p AMZN WEB-DL H 264 DDP5 1-UBWEB [IPT].torrent
/home/bkoz/src/alpha60-data/torrent/spider-noir-01/Spider-Noir - S01E01 - Step Into My Office - 4320p HDR Ai Upscale -Mesc.torrent
/home/bkoz/src/alpha60-data/torrent/spider-noir-01/Spider-Noir S01E04 A Mistake Ill Never Make Again Authentic BW 2160p AMZN WEB-DL DDP5 1 Atmos H 265-FLUX [IPT].torrent
/home/bkoz/src/alpha60-data/torrent/spider-noir-01/Spider-Noir S01E06 Nightmare on a Gurney 1080p WEBRip 10bit DDP5 1 HEVC-d3g [IPT].torrent
/home/bkoz/src/alpha60-data/torrent/spider-noir-01/Spider-Noir S01E08 The Man in the Mask Authentic BW 2160p AMZN WEB-DL DDP5 1 Atmos H 265-FLUX [IPT].torrent
/home/bkoz/src/alpha60-data/torrent/spider-noir-01/Spider-Noir [HDTV 1080p][Cap105].torrent
/home/bkoz/src/alpha60-data/torrent/spider-noir-01/Spider-Noir.Black.White.version.S1E2.1080p.Spanish.Spain.mp4.torrent
/home/bkoz/src/alpha60-data/torrent/spider-noir-01/Spider-Noir.Black.White.version.S1E4.1080p.Spanish.Spain.mp4.torrent
/home/bkoz/src/alpha60-data/torrent/spider-noir-01/Spider-Noir.Black.White.version.S1E8.1080p.Spanish.Spain.mp4.torrent
/home/bkoz/src/alpha60-data/torrent/spider-noir-01/Spider-Noir.S01.BW.1080p.AMZN.WEB-DL.DDP5.1.H.264-AtotIK.torrent
/home/bkoz/src/alpha60-data/torrent/spider-noir-01/Spider-Noir.S01E01.Step.Into.My.Office.Authentic.BW.XviD-AFG [IPT].torrent
/home/bkoz/src/alpha60-data/torrent/spider-noir-01/Spider-Noir.S01E04.A.Mistake.Ill.Never.Make.Again.Authentic.BW.XviD-AFG [IPT].torrent
/home/bkoz/src/alpha60-data/torrent/spider-noir-01/Spider.Noir.2026.S01.Color.WEB-DLRip.HDRezka Studio.torrent
/home/bkoz/src/alpha60-data/torrent/spider-noir-01/www.UIndex.org    -    Spider-Noir S01E01 Step Into My Office Authentic BW 1080p AMZN WEB-DL DDP5 1 Atmos H 264-FLUX.torrent
/home/bkoz/src/alpha60-data/torrent/spider-noir-01/www.UIndex.org    -    Spider-Noir S01E01 Step Into My Office BW 1080p AMZN WEB-DL DDP5 1 Atmos H 264-playWEB.torrent
/home/bkoz/src/alpha60-data/torrent/spider-noir-01/www.UIndex.org    -    Spider-Noir S01E02 BW 1080p 10bit WEBRip 6CH x265 HEVC-PSA.torrent
/home/bkoz/src/alpha60-data/torrent/spider-noir-01/www.UIndex.org    -    Spider-Noir S01E02 Tread Lightly Authentic BW 2160p AMZN WEB-DL DDP5 1 Atmos H 265-FLUX.torrent
/home/bkoz/src/alpha60-data/torrent/spider-noir-01/www.UIndex.org    -    Spider-Noir S01E03 1080p AMZN WEB-DL DDP5 1 Atmos H 264 DUAL-BiOMA.torrent
/home/bkoz/src/alpha60-data/torrent/spider-noir-01/www.UIndex.org    -    Spider-Noir S01E03 Double Cross Authentic BW 1080p AMZN WEB-DL DDP5 1 Atmos H 264-FLUX.torrent
/home/bkoz/src/alpha60-data/torrent/spider-noir-01/www.UIndex.org    -    Spider-Noir S01E03 Double Cross Authentic BW 2160p AMZN WEB-DL DDP5 1 Atmos DV HDR H 265-FLUX.torrent
/home/bkoz/src/alpha60-data/torrent/spider-noir-01/www.UIndex.org    -    Spider-Noir S01E04 1080p AMZN WEB-DL DDP5 1 Atmos H 264 DUAL-BiOMA.torrent
/home/bkoz/src/alpha60-data/torrent/spider-noir-01/www.UIndex.org    -    Spider-Noir S01E04 COLOR 1080p 10bit WEBRip 6CH x265 HEVC-PSA.torrent
/home/bkoz/src/alpha60-data/torrent/spider-noir-01/www.UIndex.org    -    Spider-Noir S01E05 Betrayal 2160p AMZN WEB-DL DD 5 1 Atmos DoVi H 265-playWEB.torrent
/home/bkoz/src/alpha60-data/torrent/spider-noir-01/www.UIndex.org    -    Spider-Noir S01E05 Betrayal Authentic BW 1080p AMZN WEB-DL DDP5 1 Atmos H 264-FLUX.torrent
/home/bkoz/src/alpha60-data/torrent/spider-noir-01/www.UIndex.org    -    Spider-Noir S01E06 COLOR 1080p 10bit WEBRip 6CH x265 HEVC-PSA.torrent
/home/bkoz/src/alpha60-data/torrent/spider-noir-01/www.UIndex.org    -    Spider-Noir S01E06 Nightmare on a Gurney 1080p AMZN WEB-DL DDP5 1 Atmos H 264-playWEB.torrent
/home/bkoz/src/alpha60-data/torrent/spider-noir-01/www.UIndex.org    -    Spider-Noir S01E06 Nightmare on a Gurney 2160p AMZN WEB-DL DDP5 1 Atmos H 265-FLUX.torrent
/home/bkoz/src/alpha60-data/torrent/spider-noir-01/www.UIndex.org    -    Spider-Noir S01E07 Nobodys Hero 2160p AMZN WEB-DL DD 5 1 Atmos DoVi H 265-playWEB.torrent
/home/bkoz/src/alpha60-data/torrent/spider-noir-01/www.UIndex.org    -    Spider-Noir S01E07 Nobodys Hero Authentic BW 1080p AMZN WEB-DL DDP5 1 Atmos H 264-FLUX.torrent
/home/bkoz/src/alpha60-data/torrent/spider-noir-01/www.UIndex.org    -    Spider-Noir S01E07 Nobodys Hero Authentic BW 2160p AMZN WEB-DL DDP5 1 Atmos DV HDR H 265-FLUX.torrent
/home/bkoz/src/alpha60-data/torrent/spider-noir-01/www.UIndex.org    -    Spider-Noir S01E07 Nobodys Hero BW 1080p AMZN WEB-DL DDP5 1 Atmos H 264-playWEB.torrent
/home/bkoz/src/alpha60-data/torrent/spider-noir-01/www.UIndex.org    -    Spider-Noir S01E08 The Man in the Mask 1080p AMZN WEB-DL DDP5 1 Atmos H 264-playWEB.torrent
/home/bkoz/src/alpha60-data/torrent/spider-noir-01/www.UIndex.org    -    Spider-Noir S01E08 The Man in the Mask 2160p AMZN WEB-DL DDP5 1 Atmos H 265-playWEB.torrent
/home/bkoz/src/alpha60-data/torrent/spider-noir-01/www.UIndex.org    -    Spider-Noir S01E08 The Man in the Mask Authentic BW 2160p AMZN WEB-DL DDP5 1 Atmos DV HDR H 265-FLUX.torrent
/home/bkoz/src/alpha60-data/torrent/spider-noir-01/www.UIndex.org    -    Spider-Noir.S01E03.Double.Cross.Authentic.BW.1080p.HEVC.x265-MeGusta.torrent
/home/bkoz/src/alpha60-data/torrent/spider-noir-01/www.UIndex.org    -    Spider-Noir.S01E05.Betrayal.720p.HEVC.x265-MeGusta.torrent
/home/bkoz/src/alpha60-data/torrent/spider-noir-01/Spider Noir 1X7 HDTV XviD Castellano.torrent
/home/bkoz/src/alpha60-data/torrent/spider-noir-01/Spider-Noir (Blanco y Negro) [HDTV 1080p][Cap.103].torrent
/home/bkoz/src/alpha60-data/torrent/spider-noir-01/Spider-Noir - S01E02 - Tread Lightly - 4320p HDR Ai Upscale -Mesc.torrent
/home/bkoz/src/alpha60-data/torrent/spider-noir-01/Spider-Noir [HDTV 1080p][Cap107].torrent
/home/bkoz/src/alpha60-data/torrent/spider-noir-01/Spider-Noir [HDTV 1080p][Cap108].torrent
/home/bkoz/src/alpha60-data/torrent/spider-noir-01/Spider-Noir.2026.Stagione.1.Completa.AMZN.WEB-DL.AAC2.0.H.264-C0P.torrent
/home/bkoz/src/alpha60-data/torrent/spider-noir-01/Spider-Noir.S01.[Bolly4u.dog] WEB-DL Dual Audio 720p 3GB.mkv.torrent
/home/bkoz/src/alpha60-data/torrent/spider-noir-01/Spider-Noir.S01E01.BW.MULTi.2160p.AMZN.WEB-DL.DV.HDR.H265.DDP5.1.Atmos-K83.mkv.torrent
/home/bkoz/src/alpha60-data/torrent/spider-noir-01/Spider.Noir.2026.S01_BW_WEB-DLRip.HDRezka Studio.torrent
/home/bkoz/src/alpha60-data/torrent/spider-noir-01/Spider.Noir.s01.Colored.HD720p.WEBRip.Rus.RuDub.tv.torrent
/home/bkoz/src/alpha60-data/torrent/spider-noir-01/Spider.Noir.s01.Colored.WEBRip.XviD.Rus.RuDub.tv.torrent
/home/bkoz/src/alpha60-data/torrent/spider-noir-01/www.UIndex.org    -    Spider-Noir S01E01 BW Step Into My Office 2160p AMZN WEB-DL DD 5 1 Atmos HDR H 265-playWEB.torrent
/home/bkoz/src/alpha60-data/torrent/spider-noir-01/www.UIndex.org    -    Spider-Noir S01E01 Step Into My Office BW 2160p AMZN WEB-DL DDP5 1 Atmos H 265-playWEB.torrent
/home/bkoz/src/alpha60-data/torrent/spider-noir-01/www.UIndex.org    -    Spider-Noir S01E02 BW Tread Lightly 2160p AMZN WEB-DL DD 5 1 Atmos HDR H 265-playWEB.torrent
/home/bkoz/src/alpha60-data/torrent/spider-noir-01/www.UIndex.org    -    Spider-Noir S01E02 Tread Lightly True-Hue Full Color 1080p AMZN WEB-DL DDP5 1 Atmos H 264-Kitsune.torrent
/home/bkoz/src/alpha60-data/torrent/spider-noir-01/www.UIndex.org    -    Spider-Noir S01E02 Tread Lightly True-Hue Full Color 2160p AMZN WEB-DL DDP5 1 Atmos DV HDR10Plus H 265-Kitsune.torrent
/home/bkoz/src/alpha60-data/torrent/spider-noir-01/www.UIndex.org    -    Spider-Noir S01E03 Double Cross True-Hue Full Color 1080p AMZN WEB-DL DDP5 1 Atmos H 264-Kitsune.torrent
/home/bkoz/src/alpha60-data/torrent/spider-noir-01/www.UIndex.org    -    Spider-Noir S01E04 BW A Mistake Ill Never Make Again 2160p AMZN WEB-DL DD 5 1 Atmos DoVi H 265-playWEB.torrent
/home/bkoz/src/alpha60-data/torrent/spider-noir-01/www.UIndex.org    -    Spider-Noir S01E04 BW A Mistake Ill Never Make Again 2160p AMZN WEB-DL DD 5 1 Atmos HDR H 265-playWEB.torrent
/home/bkoz/src/alpha60-data/torrent/spider-noir-01/www.UIndex.org    -    Spider-Noir S01E05 BW Betrayal 2160p AMZN WEB-DL DD 5 1 Atmos DoVi H 265-playWEB.torrent
/home/bkoz/src/alpha60-data/torrent/spider-noir-01/www.UIndex.org    -    Spider-Noir S01E05 Betrayal BW 2160p AMZN WEB-DL DDP5 1 Atmos H 265-playWEB.torrent
/home/bkoz/src/alpha60-data/torrent/spider-noir-01/www.UIndex.org    -    Spider-Noir S01E05 Betrayal True-Hue Full Color 2160p AMZN WEB-DL DDP5 1 Atmos DV HDR10Plus H 265-Kitsune.torrent
/home/bkoz/src/alpha60-data/torrent/spider-noir-01/www.UIndex.org    -    Spider-Noir S01E06 Nightmare on a Gurney BW 2160p AMZN WEB-DL DDP5 1 Atmos H 265-playWEB.torrent
/home/bkoz/src/alpha60-data/torrent/spider-noir-01/www.UIndex.org    -    Spider-Noir S01E07 BW Nobodys Hero 2160p AMZN WEB-DL DD 5 1 Atmos DoVi H 265-playWEB.torrent
/home/bkoz/src/alpha60-data/torrent/spider-noir-01/www.UIndex.org    -    Spider-Noir S01E07 BW Nobodys Hero 2160p AMZN WEB-DL DD 5 1 Atmos HDR H 265-playWEB.torrent
/home/bkoz/src/alpha60-data/torrent/spider-noir-01/www.UIndex.org    -    Spider-Noir S01E07 Nobodys Hero True-Hue Full Color 2160p AMZN WEB-DL DDP5 1 Atmos DV HDR10Plus H 265-Kitsune.torrent
/home/bkoz/src/alpha60-data/torrent/spider-noir-01/www.UIndex.org    -    Spider-Noir S01E08 BW The Man in the Mask 2160p AMZN WEB-DL DD 5 1 Atmos DoVi H 265-playWEB.torrent
/home/bkoz/src/alpha60-data/torrent/spider-noir-01/www.UIndex.org    -    Spider-Noir S01E08 BW The Man in the Mask 2160p AMZN WEB-DL DD 5 1 Atmos HDR H 265-playWEB.torrent
/home/bkoz/src/alpha60-data/torrent/spider-noir-01/www.UIndex.org    -    Spider-Noir S01E08 The Man in the Mask BW 2160p AMZN WEB-DL DDP5 1 Atmos H 265-playWEB.torrent
/home/bkoz/src/alpha60-data/torrent/spider-noir-01/www.UIndex.org    -    Spider-Noir.S01E01.1080p.WEB.H264-SYLiX.torrent
/home/bkoz/src/alpha60-data/torrent/spider-noir-01/www.UIndex.org    -    Spider-Noir.S01E01.COLORIZED.1080p.WEB.H264-SYLiX.torrent
/home/bkoz/src/alpha60-data/torrent/spider-noir-01/www.UIndex.org    -    Spider-Noir.S01E02.1080p.WEB.H264-SYLiX.torrent
/home/bkoz/src/alpha60-data/torrent/spider-noir-01/www.UIndex.org    -    Spider-Noir.S01E02.COLORIZED.1080p.WEB.H264-SYLiX.torrent
/home/bkoz/src/alpha60-data/torrent/spider-noir-01/www.UIndex.org    -    Spider-Noir.S01E02.COLORIZED.720p.WEB.H264-SYLiX.torrent
/home/bkoz/src/alpha60-data/torrent/spider-noir-01/www.UIndex.org    -    Spider-Noir.S01E02.Tread.Lightly.720p.HEVC.x265-MeGusta.torrent
/home/bkoz/src/alpha60-data/torrent/spider-noir-01/www.UIndex.org    -    Spider-Noir.S01E03.720p.WEB.H264-SYLiX.torrent
/home/bkoz/src/alpha60-data/torrent/spider-noir-01/www.UIndex.org    -    Spider-Noir.S01E05.1080p.WEB.H264-SYLiX.torrent
/home/bkoz/src/alpha60-data/torrent/spider-noir-01/www.UIndex.org    -    Spider-Noir.S01E05.720p.WEB.H264-SYLiX.torrent
/home/bkoz/src/alpha60-data/torrent/spider-noir-01/www.UIndex.org    -    Spider-Noir.S01E05.COLORIZED.720p.WEB.H264-SYLiX.torrent
/home/bkoz/src/alpha60-data/torrent/spider-noir-01/www.UIndex.org    -    Spider-Noir.S01E06.1080p.WEB.H264-SYLiX.torrent
/home/bkoz/src/alpha60-data/torrent/spider-noir-01/www.UIndex.org    -    Spider-Noir.S01E07.COLORIZED.MULTI.1080p.WEB.H264-HiggsBoson.torrent
/home/bkoz/src/alpha60-data/torrent/spider-noir-01/www.UIndex.org    -    Spider-Noir.S01E08.1080p.WEB.H264-SYLiX.torrent
/home/bkoz/src/alpha60-data/torrent/spider-noir-01/www.UIndex.org    -    Spider-Noir.S01E08.720p.WEB.H264-SYLiX.torrent
/home/bkoz/src/alpha60-data/torrent/spider-noir-01/Spider-Noir (Blanco y Negro) [HDTV 1080p][Cap.106].torrent
/home/bkoz/src/alpha60-data/torrent/spider-noir-01/Spider-Noir - S01E04 - 4320p HDR Ai Upscale -Mesc.torrent
/home/bkoz/src/alpha60-data/torrent/spider-noir-01/Spider-Noir.S01E01.2160p.WEB.H265-TRB.torrent
/home/bkoz/src/alpha60-data/torrent/spider-noir-01/Spider-Noir.S01E02.1080p.WEB.H264-TRB.torrent
/home/bkoz/src/alpha60-data/torrent/spider-noir-01/Spider-Noir.S01E03.COLORIZED.1080p.WEB.H264-TRB.torrent
/home/bkoz/src/alpha60-data/torrent/spider-noir-01/Spider-Noir.S01E04.COLORIZED.1080p.WEB.H264-TRB.torrent
/home/bkoz/src/alpha60-data/torrent/spider-noir-01/www.UIndex.org    -    Spider-Noir S01E07 Nobodys Hero BW 2160p AMZN WEB-DL DDP5 1 Atmos H 265-playWEB.torrent
/home/bkoz/src/alpha60-data/torrent/spider-noir-01/www.UIndex.org    -    Spider-Noir.S01E02.720p.WEB.H264-SYLiX.torrent
/home/bkoz/src/alpha60-data/torrent/spider-noir-01/www.UIndex.org    -    Spider-Noir.S01E04.1080p.WEB.H264-SYLiX.torrent
/home/bkoz/src/alpha60-data/torrent/spider-noir-01/www.UIndex.org    -    Spider-Noir.S01E07.720p.WEB.H264-SYLiX.torrent
/home/bkoz/src/alpha60-data/torrent/spider-noir-01/Spider-Noir (Blanco y Negro) [HDTV 1080p][Cap.108].torrent
/home/bkoz/src/alpha60-data/torrent/spider-noir-01/Spider-Noir - S01E06 - Nightmare on a Gurney - 4320p HDR Ai Upscale -Mesc.torrent
/home/bkoz/src/alpha60-data/torrent/spider-noir-01/Spider-Noir - S01E07 - Nobodys Hero - 4320p HDR Ai Upscale -Mesc.torrent
/home/bkoz/src/alpha60-data/torrent/spider-noir-01/Spider-Noir+S01E01+cz+dabing.mkv.torrent
/home/bkoz/src/alpha60-data/torrent/spider-noir-01/Spider-Noir.S01.[Bolly4u.dog] WEB-DL Dual Audio 480p 1.3GB.mkv.torrent
/home/bkoz/src/alpha60-data/torrent/spider-noir-01/Spider.Noir.S01.1080p_RHS.color.torrent
/home/bkoz/src/alpha60-data/torrent/spider-noir-01/www.UIndex.org    -    Spider-Noir S01E01 Step Into My Office True-Hue Full Color with Audio Description 1080p AMZN WEB-DL DDP5 1 H 264-Kitsune.torrent
/home/bkoz/src/alpha60-data/torrent/spider-noir-01/www.UIndex.org    -    Spider-Noir S01E02 Tread Lightly True-Hue Full Color with Audio Description 1080p AMZN WEB-DL DDP5 1 H 264-Kitsune.torrent
/home/bkoz/src/alpha60-data/torrent/spider-noir-01/www.UIndex.org    -    Spider-Noir S01E08 The Man in the Mask True-Hue Full Color REPACK 2160p AMZN WEB-DL DDP5 1 Atmos DV H 265-Kitsune.torrent
/home/bkoz/src/alpha60-data/torrent/spider-noir-01/Spider Noir (AC3).torrent
/home/bkoz/src/alpha60-data/torrent/spider-noir-01/Spider.Noir.S01.1080p_RHS.BW.torrent
/home/bkoz/src/alpha60-data/torrent/spider-noir-01/www.UIndex.org    -    Spider-Noir.S01E01.720p.HEVC.x265-MeGusta.torrent
/home/bkoz/src/alpha60-data/torrent/spider-noir-01/www.UIndex.org    -    Spider-Noir S01E05 Betrayal Authentic Black and White with Audio Description 1080p AMZN WEB-DL DDP5 1 H 264-Kitsune.torrent
/home/bkoz/src/alpha60-data/torrent/spider-noir-01/Spider-Noir - S01E03 - Double Cross - 4320p HDR Ai Upscale -Mesc.torrent
/home/bkoz/src/alpha60-data/torrent/spider-noir-01/www.UIndex.org    -    Spider-Noir S01E03 BW Double Cross 2160p AMZN WEB-DL DD 5 1 Atmos HDR H 265-playWEB.torrent
/home/bkoz/src/alpha60-data/torrent/spider-noir-01/Spider-Noir [HDTV][Cap.104].torrent
/home/bkoz/src/alpha60-data/torrent/spider-noir-01/Spider-Noir [HDTV][Cap.105].torrent
/home/bkoz/src/alpha60-data/torrent/spider-noir-01/Spider-Noir.S01E05.720p.rus.LostFilm.TV.mp4.torrent
/home/bkoz/src/alpha60-data/torrent/spider-noir-01/[暗影蜘蛛侠].Spider-Noir.2026.S01.Complete.2160p.AMZN.WEB-DL.HDR10+.H265.10bit.DDP5.1.Atmos-UBWEB.torrent
/home/bkoz/src/alpha60-data/torrent/spider-noir-01/www.UIndex.org    -    Spider-Noir S01E08 The Man in the Mask True-Hue Full Color with Audio Description 1080p AMZN WEB-DL DDP5 1 H 264-Kitsune.torrent
/home/bkoz/src/alpha60-data/torrent/spider-noir-01/www.UIndex.org    -    Spider-Noir.S01E08.FINAL.MULTI.1080p.WEB.H264-HiggsBoson.torrent
/home/bkoz/src/alpha60-data/torrent/spider-noir-01/Spider-Noir [HDTV][Cap.106].torrent
/home/bkoz/src/alpha60-data/torrent/spider-noir-01/Spider-Noir.S01.1080p.AMZN.WEB-DL.DUAL.DDP5.1.Atmos.H.264-TURG.torrent
/home/bkoz/src/alpha60-data/torrent/spider-noir-01/www.1TamilBlasters.garden - Spider Noir (2026) S01EP(01-08) [HQ HDRip - x264 - [Tam +  Tel +  Hin] - AAC -  1.2GB - ESub].torrent
/home/bkoz/src/alpha60-data/torrent/spider-noir-01/www.UIndex.org    -    Spider-Noir.S01E08.COLORIZED.720p.WEB.H264-SYLiX.torrent
/home/bkoz/src/alpha60-data/torrent/spider-noir-01/Spider-Noir [HDTV][Cap.108].torrent
/home/bkoz/src/alpha60-data/torrent/spider-noir-01/www.UIndex.org    -    Spider-Noir S01E02 Tread Lightly 2160p AMZN WEB-DL DDP5 1 Atmos H 265-playWEB.torrent
/home/bkoz/src/alpha60-data/torrent/spider-noir-01/Spider-Noir.S01.BW.1080p.AMZN.WEB-DL.DDP5.1.H.264-NTb.torrent
/home/bkoz/src/alpha60-data/torrent/spider-noir-01/www.UIndex.org    -    Spider-Noir S01E04 A Mistake Ill Never Make Again BW 2160p AMZN WEB-DL DDP5 1 Atmos H 265-playWEB.torrent
/home/bkoz/src/alpha60-data/torrent/spider-noir-01/暗影蜘蛛侠.Spider-Noir.S01.2026.2160p.WEB-DL.DDP5.1.Atmos.H265.HDR.DV-Pure@HDSWEB.torrent
/home/bkoz/src/alpha60-data/torrent/spider-noir-01/Spider-Noir.S01E08.1080p.WEB.H264-TRB.torrent
/home/bkoz/src/alpha60-data/torrent/spider-noir-01/Spider.Noir.s01.Colored.WEBRip.x264.Rus.RuDub.tv.torrent
/home/bkoz/src/alpha60-data/torrent/spider-noir-01/Spider-Noir.S01E06.2160p.WEB.H265-TRB.torrent
/home/bkoz/src/alpha60-data/torrent/spider-noir-01/Spider.Noir.S01.BW.torrent
/home/bkoz/src/alpha60-data/torrent/spider-noir-01/[BLVCK] Spider-Noir.S01E04.Un.errore.che.non.ripetero.BW.ITA.2160p.DDP5.1.DV.HDR10+.H.265-MeM.mkv.torrent
/home/bkoz/src/alpha60-data/torrent/spider-noir-01/www.UIndex.org    -    Spider-Noir S01E03 Double Cross Authentic Black and White with Audio Description 1080p AMZN WEB-DL DDP5 1 H 264-Kitsune.torrent
/home/bkoz/src/alpha60-data/torrent/spider-noir-01/www.UIndex.org    -    Spider-Noir S01E05 Betrayal True-Hue Full Color with Audio Description 1080p AMZN WEB-DL DDP5 1 H 264-Kitsune.torrent
/home/bkoz/src/alpha60-data/torrent/spider-noir-01/Паук Нуар - 1 сезон_1080p_Чб версия.torrent
/home/bkoz/src/alpha60-data/torrent/spider-noir-01/Паук Нуар - 1 сезон_4К_Цветная версия.torrent
/home/bkoz/src/alpha60-data/torrent/spider-noir-01/Паук Нуар - 1 сезон_4К_Чб версия.torrent
/home/bkoz/src/alpha60-data/torrent/spider-noir-01/Spider-Noir.Black.White.version.S1E7.1080p.Spanish.Spain.mp4.torrent
/home/bkoz/src/alpha60-data/torrent/spider-noir-01/Spider-Noir.S01E08.The.Man.in.the.Mask.1080p.HEVC.x265-MeGusta.torrent
/home/bkoz/src/alpha60-data/torrent/spider-noir-01/Spider-Noir.S01.COLOUR.2160p.AMZN.WEB-DL.DDP5.1.Atmos.DV.HDR10+.H.265-RUDR.torrent
/home/bkoz/src/alpha60-data/torrent/spider-noir-01/Spider-Noir.S01E06.Nightmare.on.a.Gurney.1080p.AMZN.WEB-DL.ITA.ENG.DDP5.1.H.264-G66.mkv.torrent
/home/bkoz/src/alpha60-data/torrent/spider-noir-01/Spider-Noir.S01E08.The.Man.in.the.Mask.1080p.AMZN.WEB-DL.ITA.ENG.DDP5.1.H.264-G66.mkv.torrent
/home/bkoz/src/alpha60-data/torrent/spider-noir-01/www.UIndex.org    -    Spider-Noir S01E02 Tread Lightly Authentic Black and White with Audio Description 1080p AMZN WEB-DL DDP5 1 H 264-Kitsune.torrent
/home/bkoz/src/alpha60-data/torrent/spider-noir-01/Spider.Noir.B.a.W.S01E01.720p.ColdFilm.mkv.torrent
